// Jest Snapshot v1, https://goo.gl/fbAQLP

exports[`Controller should render correct when isThin set to true 1`] = `
<div
  aria-valuemax={30}
  aria-valuemin={0}
  aria-valuenow={20}
  aria-valuetext="20"
  onBlur={[Function]}
  onClick={[Function]}
  onFocus={[Function]}
  onMouseDown={[Function]}
  onMouseUp={[Function]}
  role="slider"
  style={
    Object {
      "cursor": "-webkit-grab",
      "fontWeight": 600,
      "position": "absolute",
      "top": "5px",
      "transform": "translateX(2px)",
      "transition": "0s all",
    }
  }
  tabIndex={0}
>
  <svg
    height="64px"
    style={
      Object {
        "left": 0,
        "position": "absolute",
        "top": "-25px",
        "transform": "translateY(0)",
        "transition": "all 0.3s cubic-bezier(0.86, 0, 0.07, 1) 0s",
      }
    }
    viewBox="0 0 40 64"
    width="10px"
    x="0px"
    y="0px"
  >
    <path
      d="M38.8,43.9c0,10.4-8.5,18.9-18.9,18.9S1,54.4,1,43.9S9.5,24,19.9,24S38.8,33.5,38.8,43.9z"
      style={
        Object {
          "fill": undefined,
          "transition": "0.3s all",
        }
      }
    />
  </svg>
  <div
    style={
      Object {
        "background": undefined,
        "borderRadius": "50%",
        "height": "10px",
        "position": "absolute",
        "transform": "translateY(0)",
        "transition": "all 0.1s cubic-bezier(0.86, 0, 0.07, 1) 0s",
        "width": "10px",
      }
    }
  />
</div>
`;

exports[`Controller should render correctly 1`] = `
<div
  aria-valuemax={30}
  aria-valuemin={0}
  aria-valuenow={20}
  aria-valuetext="20"
  onBlur={[Function]}
  onClick={[Function]}
  onFocus={[Function]}
  onMouseDown={[Function]}
  onMouseUp={[Function]}
  role="slider"
  style={
    Object {
      "cursor": "-webkit-grab",
      "fontWeight": 600,
      "position": "absolute",
      "top": "5px",
      "transform": "translateX(2px)",
      "transition": "0s all",
    }
  }
  tabIndex={0}
>
  <svg
    height="64px"
    style={
      Object {
        "left": 0,
        "position": "absolute",
        "top": "-25px",
        "transform": "translateY(0)",
        "transition": "all 0.3s cubic-bezier(0.86, 0, 0.07, 1) 0s",
      }
    }
    viewBox="0 0 40 64"
    width="10px"
    x="0px"
    y="0px"
  >
    <path
      d="M38.8,43.9c0,10.4-8.5,18.9-18.9,18.9S1,54.4,1,43.9S9.5,24,19.9,24S38.8,33.5,38.8,43.9z"
      style={
        Object {
          "fill": undefined,
          "transition": "0.3s all",
        }
      }
    />
  </svg>
  <div
    style={
      Object {
        "background": undefined,
        "borderRadius": "50%",
        "height": "10px",
        "position": "absolute",
        "transform": "translateY(0)",
        "transition": "all 0.1s cubic-bezier(0.86, 0, 0.07, 1) 0s",
        "width": "10px",
      }
    }
  />
</div>
`;
